// Jest Snapshot v1, https://goo.gl/fbAQLP

exports[`<Header /> renders the Header 1`] = `
<DocumentFragment>
  <h1>
    Hey Arnold!
  </h1>
  ;
</DocumentFragment>
`;
